---
source: crates/store/re_importer/src/importer_mcap/tests/util.rs
expression: snapshot
input_file: crates/store/re_importer/src/importer_mcap/tests/assets/ros_occupancy_grid.mcap
---
┌─────────────────────────────────────────────────────────────────────────────────────────────────────────────────────────────────────────────────────────────────────────────────────────────────────────────────────────────────────────┐
│ METADATA:                                                                                                                                                                                                                               │
│ * entity_path: /map                                                                                                                                                                                                                     │
│ * id: [**REDACTED**]                                                                                                                                                                                                                    │
│ * version: [**REDACTED**]                                                                                                                                                                                                               │
├╌╌╌╌╌╌╌╌╌╌╌╌╌╌╌╌╌╌╌╌╌╌╌╌╌╌╌╌╌╌╌╌╌╌╌╌╌╌╌╌╌╌╌╌╌╌╌╌╌╌╌╌╌╌╌╌╌╌╌╌╌╌╌╌╌╌╌╌╌╌╌╌╌╌╌╌╌╌╌╌╌╌╌╌╌╌╌╌╌╌╌╌╌╌╌╌╌╌╌╌╌╌╌╌╌╌╌╌╌╌╌╌╌╌╌╌╌╌╌╌╌╌╌╌╌╌╌╌╌╌╌╌╌╌╌╌╌╌╌╌╌╌╌╌╌╌╌╌╌╌╌╌╌╌╌╌╌╌╌╌╌╌╌╌╌╌╌╌╌╌╌╌╌╌╌╌╌╌╌╌╌╌╌╌╌╌╌╌╌╌╌╌╌╌╌╌╌╌╌╌╌╌╌╌╌╌╌╌╌╌╌╌╌╌╌╌╌╌╌╌╌╌╌╌╌╌╌╌╌╌╌╌╌┤
│ ┌──────────────────────┬──────────────────────┬──────────────────────┬──────────────────────┬──────────────────────┬──────────────────────┬──────────────────────┬──────────────────────┬──────────────────────┬──────────────────────┐ │
│ │ RowId                ┆ message_time         ┆ publish_time         ┆ CoordinateFrame:fram ┆ GridMap:cell_size    ┆ GridMap:colormap     ┆ GridMap:data         ┆ GridMap:format       ┆ GridMap:quaternion   ┆ GridMap:translation  │ │
│ │ ---                  ┆ ---                  ┆ ---                  ┆ e                    ┆ ---                  ┆ ---                  ┆ ---                  ┆ ---                  ┆ ---                  ┆ ---                  │ │
│ │ type: non-null       ┆ type: Timestamp(ns)  ┆ type: Timestamp(ns)  ┆ ---                  ┆ type: List(Float32)  ┆ type: List(UInt8)    ┆ type:                ┆ type:                ┆ type:                ┆ type:                │ │
│ │ FixedSizeBinary(16)  ┆ index_name:          ┆ index_name:          ┆ type: List(Utf8)     ┆ archetype: GridMap   ┆ archetype: GridMap   ┆ List(List(UInt8))    ┆ List(Struct("width": ┆ List(FixedSizeList(4 ┆ List(FixedSizeList(3 │ │
│ │ ARROW:extension:meta ┆ message_time         ┆ publish_time         ┆ archetype:           ┆ component:           ┆ component:           ┆ archetype: GridMap   ┆ non-null UInt32,     ┆ x non-null Float32)) ┆ x non-null Float32)) │ │
│ │ data:                ┆ is_sorted: true      ┆ is_sorted: true      ┆ CoordinateFrame      ┆ GridMap:cell_size    ┆ GridMap:colormap     ┆ component:           ┆ "height": non-null   ┆ archetype: GridMap   ┆ archetype: GridMap   │ │
│ │ {"namespace":"row"}  ┆ kind: index          ┆ kind: index          ┆ component: Coordinat ┆ component_type:      ┆ component_type:      ┆ GridMap:data         ┆ UInt32,              ┆ component:           ┆ component:           │ │
│ │ ARROW:extension:name ┆                      ┆                      ┆ eFrame:frame         ┆ CellSize             ┆ Colormap             ┆ component_type:      ┆ "pixel_format":      ┆ GridMap:quaternion   ┆ GridMap:translation  │ │
│ │ : TUID               ┆                      ┆                      ┆ component_type:      ┆ kind: data           ┆ kind: data           ┆ ImageBuffer          ┆ UInt8,               ┆ component_type:      ┆ component_type:      │ │
│ │ is_sorted: true      ┆                      ┆                      ┆ TransformFrameId     ┆                      ┆                      ┆ kind: data           ┆ "color_model":       ┆ RotationQuat         ┆ Translation3D        │ │
│ │ kind: control        ┆                      ┆                      ┆ kind: data           ┆                      ┆                      ┆                      ┆ UInt8,               ┆ kind: data           ┆ kind: data           │ │
│ │                      ┆                      ┆                      ┆                      ┆                      ┆                      ┆                      ┆ "channel_datatype":  ┆                      ┆                      │ │
│ │                      ┆                      ┆                      ┆                      ┆                      ┆                      ┆                      ┆ UInt8))              ┆                      ┆                      │ │
│ │                      ┆                      ┆                      ┆                      ┆                      ┆                      ┆                      ┆ archetype: GridMap   ┆                      ┆                      │ │
│ │                      ┆                      ┆                      ┆                      ┆                      ┆                      ┆                      ┆ component:           ┆                      ┆                      │ │
│ │                      ┆                      ┆                      ┆                      ┆                      ┆                      ┆                      ┆ GridMap:format       ┆                      ┆                      │ │
│ │                      ┆                      ┆                      ┆                      ┆                      ┆                      ┆                      ┆ component_type:      ┆                      ┆                      │ │
│ │                      ┆                      ┆                      ┆                      ┆                      ┆                      ┆                      ┆ ImageFormat          ┆                      ┆                      │ │
│ │                      ┆                      ┆                      ┆                      ┆                      ┆                      ┆                      ┆ kind: data           ┆                      ┆                      │ │
│ ╞══════════════════════╪══════════════════════╪══════════════════════╪══════════════════════╪══════════════════════╪══════════════════════╪══════════════════════╪══════════════════════╪══════════════════════╪══════════════════════╡ │
│ │ row_[**REDACTED**]   ┆ 1970-01-01T00:00:00  ┆ 1970-01-01T00:00:00  ┆ [map]                ┆ [0.5]                ┆ [10]                 ┆ [[255, 0, 100, 0,    ┆ [{width: 5, height:  ┆ [[0.0, 0.0, 0.0,     ┆ [[-1.0, -1.0, 0.0]]  │ │
│ │                      ┆                      ┆                      ┆                      ┆                      ┆                      ┆ 255, 0, 100, 255,    ┆ 5, pixel_format:     ┆ 1.0]]                ┆                      │ │
│ │                      ┆                      ┆                      ┆                      ┆                      ┆                      ┆ 100, 0, 100, 255, 0, ┆ null, color_model:   ┆                      ┆                      │ │
│ │                      ┆                      ┆                      ┆                      ┆                      ┆                      ┆ 255, 100, 0, 100,    ┆ 1, channel_datatype: ┆                      ┆                      │ │
│ │                      ┆                      ┆                      ┆                      ┆                      ┆                      ┆ 255, 100, 0, 127, 0, ┆ 6}]                  ┆                      ┆                      │ │
│ │                      ┆                      ┆                      ┆                      ┆                      ┆                      ┆ 100…                 ┆                      ┆                      ┆                      │ │
│ └──────────────────────┴──────────────────────┴──────────────────────┴──────────────────────┴──────────────────────┴──────────────────────┴──────────────────────┴──────────────────────┴──────────────────────┴──────────────────────┘ │
└─────────────────────────────────────────────────────────────────────────────────────────────────────────────────────────────────────────────────────────────────────────────────────────────────────────────────────────────────────────┘
