---
source: crates/store/re_importer/src/importer_mcap/tests/util.rs
expression: snapshot
input_file: crates/store/re_importer/src/importer_mcap/tests/assets/ros_log.mcap
---
┌─────────────────────────────────────────────────────────────────────────────────────────────────────────────────────────────────────────────────────────────────────────────────────────────────────────────────────────────────────────────┐
│ METADATA:                                                                                                                                                                                                                                   │
│ * entity_path: /rosout                                                                                                                                                                                                                      │
│ * id: [**REDACTED**]                                                                                                                                                                                                                        │
│ * version: [**REDACTED**]                                                                                                                                                                                                                   │
├╌╌╌╌╌╌╌╌╌╌╌╌╌╌╌╌╌╌╌╌╌╌╌╌╌╌╌╌╌╌╌╌╌╌╌╌╌╌╌╌╌╌╌╌╌╌╌╌╌╌╌╌╌╌╌╌╌╌╌╌╌╌╌╌╌╌╌╌╌╌╌╌╌╌╌╌╌╌╌╌╌╌╌╌╌╌╌╌╌╌╌╌╌╌╌╌╌╌╌╌╌╌╌╌╌╌╌╌╌╌╌╌╌╌╌╌╌╌╌╌╌╌╌╌╌╌╌╌╌╌╌╌╌╌╌╌╌╌╌╌╌╌╌╌╌╌╌╌╌╌╌╌╌╌╌╌╌╌╌╌╌╌╌╌╌╌╌╌╌╌╌╌╌╌╌╌╌╌╌╌╌╌╌╌╌╌╌╌╌╌╌╌╌╌╌╌╌╌╌╌╌╌╌╌╌╌╌╌╌╌╌╌╌╌╌╌╌╌╌╌╌╌╌╌╌╌╌╌╌╌╌╌╌╌╌╌╌┤
│ ┌─────────────────────────┬─────────────────────────┬─────────────────────────┬─────────────────────────┬─────────────────────────┬─────────────────────────┬─────────────────────────┬─────────────────────────┬─────────────────────────┐ │
│ │ RowId                   ┆ message_time            ┆ publish_time            ┆ file                    ┆ function                ┆ line                    ┆ TextLog:color           ┆ TextLog:level           ┆ TextLog:text            │ │
│ │ ---                     ┆ ---                     ┆ ---                     ┆ ---                     ┆ ---                     ┆ ---                     ┆ ---                     ┆ ---                     ┆ ---                     │ │
│ │ type: non-null          ┆ type: Timestamp(ns)     ┆ type: Timestamp(ns)     ┆ type: List(Utf8)        ┆ type: List(Utf8)        ┆ type: List(UInt32)      ┆ type: List(UInt32)      ┆ type: List(Utf8)        ┆ type: List(Utf8)        │ │
│ │ FixedSizeBinary(16)     ┆ index_name:             ┆ index_name:             ┆ archetype:              ┆ archetype:              ┆ archetype:              ┆ archetype: TextLog      ┆ archetype: TextLog      ┆ archetype: TextLog      │ │
│ │ ARROW:extension:metadat ┆ message_time            ┆ publish_time            ┆ rcl_interfaces.msg.Log  ┆ rcl_interfaces.msg.Log  ┆ rcl_interfaces.msg.Log  ┆ component:              ┆ component:              ┆ component: TextLog:text │ │
│ │ a: {"namespace":"row"}  ┆ is_sorted: true         ┆ is_sorted: true         ┆ component: file         ┆ component: function     ┆ component: line         ┆ TextLog:color           ┆ TextLog:level           ┆ component_type: Text    │ │
│ │ ARROW:extension:name:   ┆ kind: index             ┆ kind: index             ┆ kind: data              ┆ kind: data              ┆ kind: data              ┆ component_type: Color   ┆ component_type:         ┆ kind: data              │ │
│ │ TUID                    ┆                         ┆                         ┆                         ┆                         ┆                         ┆ kind: data              ┆ TextLogLevel            ┆                         │ │
│ │ is_sorted: true         ┆                         ┆                         ┆                         ┆                         ┆                         ┆                         ┆ kind: data              ┆                         │ │
│ │ kind: control           ┆                         ┆                         ┆                         ┆                         ┆                         ┆                         ┆                         ┆                         │ │
│ ╞═════════════════════════╪═════════════════════════╪═════════════════════════╪═════════════════════════╪═════════════════════════╪═════════════════════════╪═════════════════════════╪═════════════════════════╪═════════════════════════╡ │
│ │ row_[**REDACTED**]      ┆ 2026-05-18T16:36:03.294 ┆ 2026-05-18T16:36:03.294 ┆ [io.cpp]                ┆ [Connect]               ┆ [42]                    ┆ [2155905279]            ┆ [DEBUG]                 ┆ [[demo.subsystem.io]    │ │
│ │                         ┆ 026                     ┆ 026                     ┆                         ┆                         ┆                         ┆                         ┆                         ┆ opened socket fd=7]     │ │
│ ├╌╌╌╌╌╌╌╌╌╌╌╌╌╌╌╌╌╌╌╌╌╌╌╌╌┼╌╌╌╌╌╌╌╌╌╌╌╌╌╌╌╌╌╌╌╌╌╌╌╌╌┼╌╌╌╌╌╌╌╌╌╌╌╌╌╌╌╌╌╌╌╌╌╌╌╌╌┼╌╌╌╌╌╌╌╌╌╌╌╌╌╌╌╌╌╌╌╌╌╌╌╌╌┼╌╌╌╌╌╌╌╌╌╌╌╌╌╌╌╌╌╌╌╌╌╌╌╌╌┼╌╌╌╌╌╌╌╌╌╌╌╌╌╌╌╌╌╌╌╌╌╌╌╌╌┼╌╌╌╌╌╌╌╌╌╌╌╌╌╌╌╌╌╌╌╌╌╌╌╌╌┼╌╌╌╌╌╌╌╌╌╌╌╌╌╌╌╌╌╌╌╌╌╌╌╌╌┼╌╌╌╌╌╌╌╌╌╌╌╌╌╌╌╌╌╌╌╌╌╌╌╌╌┤ │
│ │ row_[**REDACTED**]      ┆ 2026-05-18T16:36:03.344 ┆ 2026-05-18T16:36:03.344 ┆ [node.cpp]              ┆ [OnInit]                ┆ [101]                   ┆ [8454143]               ┆ [INFO]                  ┆ [[demo.node]            │ │
│ │                         ┆ 026                     ┆ 026                     ┆                         ┆                         ┆                         ┆                         ┆                         ┆ initialization          │ │
│ │                         ┆                         ┆                         ┆                         ┆                         ┆                         ┆                         ┆                         ┆ complete]               │ │
│ ├╌╌╌╌╌╌╌╌╌╌╌╌╌╌╌╌╌╌╌╌╌╌╌╌╌┼╌╌╌╌╌╌╌╌╌╌╌╌╌╌╌╌╌╌╌╌╌╌╌╌╌┼╌╌╌╌╌╌╌╌╌╌╌╌╌╌╌╌╌╌╌╌╌╌╌╌╌┼╌╌╌╌╌╌╌╌╌╌╌╌╌╌╌╌╌╌╌╌╌╌╌╌╌┼╌╌╌╌╌╌╌╌╌╌╌╌╌╌╌╌╌╌╌╌╌╌╌╌╌┼╌╌╌╌╌╌╌╌╌╌╌╌╌╌╌╌╌╌╌╌╌╌╌╌╌┼╌╌╌╌╌╌╌╌╌╌╌╌╌╌╌╌╌╌╌╌╌╌╌╌╌┼╌╌╌╌╌╌╌╌╌╌╌╌╌╌╌╌╌╌╌╌╌╌╌╌╌┼╌╌╌╌╌╌╌╌╌╌╌╌╌╌╌╌╌╌╌╌╌╌╌╌╌┤ │
│ │ row_[**REDACTED**]      ┆ 2026-05-18T16:36:03.394 ┆ 2026-05-18T16:36:03.394 ┆ [lidar.cpp]             ┆ [Tick]                  ┆ [233]                   ┆ [4289003775]            ┆ [WARN]                  ┆ [[demo.sensors.lidar]   │ │
│ │                         ┆ 026                     ┆ 026                     ┆                         ┆                         ┆                         ┆                         ┆                         ┆ scan rate degraded to 8 │ │
│ │                         ┆                         ┆                         ┆                         ┆                         ┆                         ┆                         ┆                         ┆ Hz]                     │ │
│ ├╌╌╌╌╌╌╌╌╌╌╌╌╌╌╌╌╌╌╌╌╌╌╌╌╌┼╌╌╌╌╌╌╌╌╌╌╌╌╌╌╌╌╌╌╌╌╌╌╌╌╌┼╌╌╌╌╌╌╌╌╌╌╌╌╌╌╌╌╌╌╌╌╌╌╌╌╌┼╌╌╌╌╌╌╌╌╌╌╌╌╌╌╌╌╌╌╌╌╌╌╌╌╌┼╌╌╌╌╌╌╌╌╌╌╌╌╌╌╌╌╌╌╌╌╌╌╌╌╌┼╌╌╌╌╌╌╌╌╌╌╌╌╌╌╌╌╌╌╌╌╌╌╌╌╌┼╌╌╌╌╌╌╌╌╌╌╌╌╌╌╌╌╌╌╌╌╌╌╌╌╌┼╌╌╌╌╌╌╌╌╌╌╌╌╌╌╌╌╌╌╌╌╌╌╌╌╌┼╌╌╌╌╌╌╌╌╌╌╌╌╌╌╌╌╌╌╌╌╌╌╌╌╌┤ │
│ │ row_[**REDACTED**]      ┆ 2026-05-18T16:36:03.444 ┆ 2026-05-18T16:36:03.444 ┆ [planner.cpp]           ┆ [Plan]                  ┆ [512]                   ┆ [4278190335]            ┆ [ERROR]                 ┆ [[demo.planner] failed  │ │
│ │                         ┆ 026                     ┆ 026                     ┆                         ┆                         ┆                         ┆                         ┆                         ┆ to find path to goal]   │ │
│ ├╌╌╌╌╌╌╌╌╌╌╌╌╌╌╌╌╌╌╌╌╌╌╌╌╌┼╌╌╌╌╌╌╌╌╌╌╌╌╌╌╌╌╌╌╌╌╌╌╌╌╌┼╌╌╌╌╌╌╌╌╌╌╌╌╌╌╌╌╌╌╌╌╌╌╌╌╌┼╌╌╌╌╌╌╌╌╌╌╌╌╌╌╌╌╌╌╌╌╌╌╌╌╌┼╌╌╌╌╌╌╌╌╌╌╌╌╌╌╌╌╌╌╌╌╌╌╌╌╌┼╌╌╌╌╌╌╌╌╌╌╌╌╌╌╌╌╌╌╌╌╌╌╌╌╌┼╌╌╌╌╌╌╌╌╌╌╌╌╌╌╌╌╌╌╌╌╌╌╌╌╌┼╌╌╌╌╌╌╌╌╌╌╌╌╌╌╌╌╌╌╌╌╌╌╌╌╌┼╌╌╌╌╌╌╌╌╌╌╌╌╌╌╌╌╌╌╌╌╌╌╌╌╌┤ │
│ │ row_[**REDACTED**]      ┆ 2026-05-18T16:36:03.494 ┆ 2026-05-18T16:36:03.494 ┆ [watchdog.cpp]          ┆ [Check]                 ┆ [88]                    ┆ [2332033279]            ┆ [CRITICAL]              ┆ [[demo.watchdog]        │ │
│ │                         ┆ 026                     ┆ 026                     ┆                         ┆                         ┆                         ┆                         ┆                         ┆ heartbeat timeout,      │ │
│ │                         ┆                         ┆                         ┆                         ┆                         ┆                         ┆                         ┆                         ┆ shutting down]          │ │
│ └─────────────────────────┴─────────────────────────┴─────────────────────────┴─────────────────────────┴─────────────────────────┴─────────────────────────┴─────────────────────────┴─────────────────────────┴─────────────────────────┘ │
└─────────────────────────────────────────────────────────────────────────────────────────────────────────────────────────────────────────────────────────────────────────────────────────────────────────────────────────────────────────────┘
