---
source: crates/store/re_importer/src/importer_mcap/tests/util.rs
expression: snapshot
input_file: crates/store/re_importer/src/importer_mcap/tests/assets/ros_nav2_voxel_grid.mcap
---
┌─────────────────────────────────────────────────────────────────────────────────────────────────────────────────────────────────────────────────────────────────────────────────────────────────────────────────────────────────────────┐
│ METADATA:                                                                                                                                                                                                                               │
│ * entity_path: /voxel_grid                                                                                                                                                                                                              │
│ * id: [**REDACTED**]                                                                                                                                                                                                                    │
│ * version: [**REDACTED**]                                                                                                                                                                                                               │
├╌╌╌╌╌╌╌╌╌╌╌╌╌╌╌╌╌╌╌╌╌╌╌╌╌╌╌╌╌╌╌╌╌╌╌╌╌╌╌╌╌╌╌╌╌╌╌╌╌╌╌╌╌╌╌╌╌╌╌╌╌╌╌╌╌╌╌╌╌╌╌╌╌╌╌╌╌╌╌╌╌╌╌╌╌╌╌╌╌╌╌╌╌╌╌╌╌╌╌╌╌╌╌╌╌╌╌╌╌╌╌╌╌╌╌╌╌╌╌╌╌╌╌╌╌╌╌╌╌╌╌╌╌╌╌╌╌╌╌╌╌╌╌╌╌╌╌╌╌╌╌╌╌╌╌╌╌╌╌╌╌╌╌╌╌╌╌╌╌╌╌╌╌╌╌╌╌╌╌╌╌╌╌╌╌╌╌╌╌╌╌╌╌╌╌╌╌╌╌╌╌╌╌╌╌╌╌╌╌╌╌╌╌╌╌╌╌╌╌╌╌╌╌╌╌╌╌╌╌╌╌╌╌┤
│ ┌──────────────────────┬──────────────────────┬──────────────────────┬──────────────────────┬──────────────────────┬──────────────────────┬──────────────────────┬──────────────────────┬──────────────────────┬──────────────────────┐ │
│ │ RowId                ┆ message_time         ┆ publish_time         ┆ CoordinateFrame:fram ┆ VoxelGridMap:colors  ┆ VoxelGridMap:opacity ┆ VoxelGridMap:transla ┆ VoxelGridMap:values  ┆ VoxelGridMap:voxel_i ┆ VoxelGridMap:voxel_s │ │
│ │ ---                  ┆ ---                  ┆ ---                  ┆ e                    ┆ ---                  ┆ ---                  ┆ tion                 ┆ ---                  ┆ ndices               ┆ ize                  │ │
│ │ type: non-null       ┆ type: Timestamp(ns)  ┆ type: Timestamp(ns)  ┆ ---                  ┆ type: List(UInt32)   ┆ type: List(Float32)  ┆ ---                  ┆ type: List(Float32)  ┆ ---                  ┆ ---                  │ │
│ │ FixedSizeBinary(16)  ┆ index_name:          ┆ index_name:          ┆ type: List(Utf8)     ┆ archetype:           ┆ archetype:           ┆ type:                ┆ archetype:           ┆ type:                ┆ type:                │ │
│ │ ARROW:extension:meta ┆ message_time         ┆ publish_time         ┆ archetype:           ┆ VoxelGridMap         ┆ VoxelGridMap         ┆ List(FixedSizeList(3 ┆ VoxelGridMap         ┆ List(FixedSizeList(3 ┆ List(FixedSizeList(3 │ │
│ │ data:                ┆ is_sorted: true      ┆ is_sorted: true      ┆ CoordinateFrame      ┆ component:           ┆ component:           ┆ x non-null Float32)) ┆ component:           ┆ x non-null Int32))   ┆ x non-null Float32)) │ │
│ │ {"namespace":"row"}  ┆ kind: index          ┆ kind: index          ┆ component: Coordinat ┆ VoxelGridMap:colors  ┆ VoxelGridMap:opacity ┆ archetype:           ┆ VoxelGridMap:values  ┆ archetype:           ┆ archetype:           │ │
│ │ ARROW:extension:name ┆                      ┆                      ┆ eFrame:frame         ┆ component_type:      ┆ component_type:      ┆ VoxelGridMap         ┆ component_type:      ┆ VoxelGridMap         ┆ VoxelGridMap         │ │
│ │ : TUID               ┆                      ┆                      ┆ component_type:      ┆ Color                ┆ Opacity              ┆ component: VoxelGrid ┆ VoxelValue           ┆ component: VoxelGrid ┆ component: VoxelGrid │ │
│ │ is_sorted: true      ┆                      ┆                      ┆ TransformFrameId     ┆ kind: data           ┆ kind: data           ┆ Map:translation      ┆ kind: data           ┆ Map:voxel_indices    ┆ Map:voxel_size       │ │
│ │ kind: control        ┆                      ┆                      ┆ kind: data           ┆                      ┆                      ┆ component_type:      ┆                      ┆ component_type:      ┆ component_type:      │ │
│ │                      ┆                      ┆                      ┆                      ┆                      ┆                      ┆ Translation3D        ┆                      ┆ VoxelIndex           ┆ VoxelSize            │ │
│ │                      ┆                      ┆                      ┆                      ┆                      ┆                      ┆ kind: data           ┆                      ┆ kind: data           ┆ kind: data           │ │
│ ╞══════════════════════╪══════════════════════╪══════════════════════╪══════════════════════╪══════════════════════╪══════════════════════╪══════════════════════╪══════════════════════╪══════════════════════╪══════════════════════╡ │
│ │ row_[**REDACTED**]   ┆ 1970-01-01T00:00:00  ┆ 1970-01-01T00:00:00  ┆ [map]                ┆ [16711935,           ┆ [0.5]                ┆ [[1.0, 2.0, 3.0]]    ┆ [0.0, 1.0, 0.0, 1.0, ┆ [[0, 0, 0], [1, 0,   ┆ [[0.5, 0.5, 0.25]]   │ │
│ │                      ┆                      ┆                      ┆                      ┆ 4278190335,          ┆                      ┆                      ┆ 0.0, 1.0]            ┆ 0], [1, 0, 1], [0,   ┆                      │ │
│ │                      ┆                      ┆                      ┆                      ┆ 16711935,            ┆                      ┆                      ┆                      ┆ 1, 1], [1, 1, 0],    ┆                      │ │
│ │                      ┆                      ┆                      ┆                      ┆ 4278190335,          ┆                      ┆                      ┆                      ┆ [1, 1, 1]]           ┆                      │ │
│ │                      ┆                      ┆                      ┆                      ┆ 16711935,            ┆                      ┆                      ┆                      ┆                      ┆                      │ │
│ │                      ┆                      ┆                      ┆                      ┆ 4278190335]          ┆                      ┆                      ┆                      ┆                      ┆                      │ │
│ └──────────────────────┴──────────────────────┴──────────────────────┴──────────────────────┴──────────────────────┴──────────────────────┴──────────────────────┴──────────────────────┴──────────────────────┴──────────────────────┘ │
└─────────────────────────────────────────────────────────────────────────────────────────────────────────────────────────────────────────────────────────────────────────────────────────────────────────────────────────────────────────┘
