---
source: crates/store/re_importer/src/importer_mcap/tests/util.rs
expression: snapshot
input_file: crates/store/re_importer/src/importer_mcap/tests/assets/foxglove_location_fixes.mcap
---
┌────────────────────────────────────────────────────────────────────────────────────────────────────────────────────────────────────────────────────────────────────────────────────────────────────────────────┐
│ METADATA:                                                                                                                                                                                                      │
│ * entity_path: /gps_fix                                                                                                                                                                                        │
│ * id: [**REDACTED**]                                                                                                                                                                                           │
│ * version: [**REDACTED**]                                                                                                                                                                                      │
├╌╌╌╌╌╌╌╌╌╌╌╌╌╌╌╌╌╌╌╌╌╌╌╌╌╌╌╌╌╌╌╌╌╌╌╌╌╌╌╌╌╌╌╌╌╌╌╌╌╌╌╌╌╌╌╌╌╌╌╌╌╌╌╌╌╌╌╌╌╌╌╌╌╌╌╌╌╌╌╌╌╌╌╌╌╌╌╌╌╌╌╌╌╌╌╌╌╌╌╌╌╌╌╌╌╌╌╌╌╌╌╌╌╌╌╌╌╌╌╌╌╌╌╌╌╌╌╌╌╌╌╌╌╌╌╌╌╌╌╌╌╌╌╌╌╌╌╌╌╌╌╌╌╌╌╌╌╌╌╌╌╌╌╌╌╌╌╌╌╌╌╌╌╌╌╌╌╌╌╌╌╌╌╌╌╌╌╌╌╌╌╌╌╌╌╌╌╌╌╌╌╌╌╌╌╌╌╌┤
│ ┌─────────────────────────────────────┬───────────────────────────────┬───────────────────────────────┬──────────────────────────────────┬─────────────────────────────┬─────────────────────────────────────┐ │
│ │ RowId                               ┆ message_time                  ┆ publish_time                  ┆ CoordinateFrame:frame            ┆ GeoPoints:colors            ┆ GeoPoints:positions                 │ │
│ │ ---                                 ┆ ---                           ┆ ---                           ┆ ---                              ┆ ---                         ┆ ---                                 │ │
│ │ type: non-null FixedSizeBinary(16)  ┆ type: Timestamp(ns)           ┆ type: Timestamp(ns)           ┆ type: List(Utf8)                 ┆ type: List(UInt32)          ┆ type: List(FixedSizeList(2 x        │ │
│ │ ARROW:extension:metadata:           ┆ index_name: message_time      ┆ index_name: publish_time      ┆ archetype: CoordinateFrame       ┆ archetype: GeoPoints        ┆ non-null Float64))                  │ │
│ │ {"namespace":"row"}                 ┆ is_sorted: true               ┆ is_sorted: true               ┆ component: CoordinateFrame:frame ┆ component: GeoPoints:colors ┆ archetype: GeoPoints                │ │
│ │ ARROW:extension:name: TUID          ┆ kind: index                   ┆ kind: index                   ┆ component_type: TransformFrameId ┆ component_type: Color       ┆ component: GeoPoints:positions      │ │
│ │ is_sorted: true                     ┆                               ┆                               ┆ kind: data                       ┆ kind: data                  ┆ component_type: LatLon              │ │
│ │ kind: control                       ┆                               ┆                               ┆                                  ┆                             ┆ kind: data                          │ │
│ ╞═════════════════════════════════════╪═══════════════════════════════╪═══════════════════════════════╪══════════════════════════════════╪═════════════════════════════╪═════════════════════════════════════╡ │
│ │ row_[**REDACTED**]                  ┆ 2026-02-16T14:15:00.174330112 ┆ 2026-02-16T14:15:00.174330112 ┆ [gps]                            ┆ [4278190335]                ┆ [[59.3192, 18.0738]]                │ │
│ ├╌╌╌╌╌╌╌╌╌╌╌╌╌╌╌╌╌╌╌╌╌╌╌╌╌╌╌╌╌╌╌╌╌╌╌╌╌┼╌╌╌╌╌╌╌╌╌╌╌╌╌╌╌╌╌╌╌╌╌╌╌╌╌╌╌╌╌╌╌┼╌╌╌╌╌╌╌╌╌╌╌╌╌╌╌╌╌╌╌╌╌╌╌╌╌╌╌╌╌╌╌┼╌╌╌╌╌╌╌╌╌╌╌╌╌╌╌╌╌╌╌╌╌╌╌╌╌╌╌╌╌╌╌╌╌╌┼╌╌╌╌╌╌╌╌╌╌╌╌╌╌╌╌╌╌╌╌╌╌╌╌╌╌╌╌╌┼╌╌╌╌╌╌╌╌╌╌╌╌╌╌╌╌╌╌╌╌╌╌╌╌╌╌╌╌╌╌╌╌╌╌╌╌╌┤ │
│ │ row_[**REDACTED**]                  ┆ 2026-02-16T14:15:01.174330112 ┆ 2026-02-16T14:15:01.174330112 ┆ [gps]                            ┆ [16711935]                  ┆ [[59.3191, 18.0746]]                │ │
│ ├╌╌╌╌╌╌╌╌╌╌╌╌╌╌╌╌╌╌╌╌╌╌╌╌╌╌╌╌╌╌╌╌╌╌╌╌╌┼╌╌╌╌╌╌╌╌╌╌╌╌╌╌╌╌╌╌╌╌╌╌╌╌╌╌╌╌╌╌╌┼╌╌╌╌╌╌╌╌╌╌╌╌╌╌╌╌╌╌╌╌╌╌╌╌╌╌╌╌╌╌╌┼╌╌╌╌╌╌╌╌╌╌╌╌╌╌╌╌╌╌╌╌╌╌╌╌╌╌╌╌╌╌╌╌╌╌┼╌╌╌╌╌╌╌╌╌╌╌╌╌╌╌╌╌╌╌╌╌╌╌╌╌╌╌╌╌┼╌╌╌╌╌╌╌╌╌╌╌╌╌╌╌╌╌╌╌╌╌╌╌╌╌╌╌╌╌╌╌╌╌╌╌╌╌┤ │
│ │ row_[**REDACTED**]                  ┆ 2026-02-16T14:15:02.174330112 ┆ 2026-02-16T14:15:02.174330112 ┆ [gps]                            ┆ [65535]                     ┆ [[59.3191, 18.0754]]                │ │
│ ├╌╌╌╌╌╌╌╌╌╌╌╌╌╌╌╌╌╌╌╌╌╌╌╌╌╌╌╌╌╌╌╌╌╌╌╌╌┼╌╌╌╌╌╌╌╌╌╌╌╌╌╌╌╌╌╌╌╌╌╌╌╌╌╌╌╌╌╌╌┼╌╌╌╌╌╌╌╌╌╌╌╌╌╌╌╌╌╌╌╌╌╌╌╌╌╌╌╌╌╌╌┼╌╌╌╌╌╌╌╌╌╌╌╌╌╌╌╌╌╌╌╌╌╌╌╌╌╌╌╌╌╌╌╌╌╌┼╌╌╌╌╌╌╌╌╌╌╌╌╌╌╌╌╌╌╌╌╌╌╌╌╌╌╌╌╌┼╌╌╌╌╌╌╌╌╌╌╌╌╌╌╌╌╌╌╌╌╌╌╌╌╌╌╌╌╌╌╌╌╌╌╌╌╌┤ │
│ │ row_[**REDACTED**]                  ┆ 2026-02-16T14:15:03.174330112 ┆ 2026-02-16T14:15:03.174330112 ┆ [gps]                            ┆ [4294967295]                ┆ [[59.319, 18.0762]]                 │ │
│ ├╌╌╌╌╌╌╌╌╌╌╌╌╌╌╌╌╌╌╌╌╌╌╌╌╌╌╌╌╌╌╌╌╌╌╌╌╌┼╌╌╌╌╌╌╌╌╌╌╌╌╌╌╌╌╌╌╌╌╌╌╌╌╌╌╌╌╌╌╌┼╌╌╌╌╌╌╌╌╌╌╌╌╌╌╌╌╌╌╌╌╌╌╌╌╌╌╌╌╌╌╌┼╌╌╌╌╌╌╌╌╌╌╌╌╌╌╌╌╌╌╌╌╌╌╌╌╌╌╌╌╌╌╌╌╌╌┼╌╌╌╌╌╌╌╌╌╌╌╌╌╌╌╌╌╌╌╌╌╌╌╌╌╌╌╌╌┼╌╌╌╌╌╌╌╌╌╌╌╌╌╌╌╌╌╌╌╌╌╌╌╌╌╌╌╌╌╌╌╌╌╌╌╌╌┤ │
│ │ row_[**REDACTED**]                  ┆ 2026-02-16T14:15:04.174330112 ┆ 2026-02-16T14:15:04.174330112 ┆ [gps]                            ┆ [255]                       ┆ [[59.3189, 18.077]]                 │ │
│ └─────────────────────────────────────┴───────────────────────────────┴───────────────────────────────┴──────────────────────────────────┴─────────────────────────────┴─────────────────────────────────────┘ │
└────────────────────────────────────────────────────────────────────────────────────────────────────────────────────────────────────────────────────────────────────────────────────────────────────────────────┘

┌────────────────────────────────────────────────────────────────────────────────────────────────────────────────────────────────────────────────────────────────────────────────────────────────────────────────┐
│ METADATA:                                                                                                                                                                                                      │
│ * entity_path: /gps_fixes                                                                                                                                                                                      │
│ * id: [**REDACTED**]                                                                                                                                                                                           │
│ * version: [**REDACTED**]                                                                                                                                                                                      │
├╌╌╌╌╌╌╌╌╌╌╌╌╌╌╌╌╌╌╌╌╌╌╌╌╌╌╌╌╌╌╌╌╌╌╌╌╌╌╌╌╌╌╌╌╌╌╌╌╌╌╌╌╌╌╌╌╌╌╌╌╌╌╌╌╌╌╌╌╌╌╌╌╌╌╌╌╌╌╌╌╌╌╌╌╌╌╌╌╌╌╌╌╌╌╌╌╌╌╌╌╌╌╌╌╌╌╌╌╌╌╌╌╌╌╌╌╌╌╌╌╌╌╌╌╌╌╌╌╌╌╌╌╌╌╌╌╌╌╌╌╌╌╌╌╌╌╌╌╌╌╌╌╌╌╌╌╌╌╌╌╌╌╌╌╌╌╌╌╌╌╌╌╌╌╌╌╌╌╌╌╌╌╌╌╌╌╌╌╌╌╌╌╌╌╌╌╌╌╌╌╌╌╌╌╌╌╌╌┤
│ ┌─────────────────────────────────────┬───────────────────────────────┬───────────────────────────────┬──────────────────────────────────┬─────────────────────────────┬─────────────────────────────────────┐ │
│ │ RowId                               ┆ message_time                  ┆ publish_time                  ┆ CoordinateFrame:frame            ┆ GeoPoints:colors            ┆ GeoPoints:positions                 │ │
│ │ ---                                 ┆ ---                           ┆ ---                           ┆ ---                              ┆ ---                         ┆ ---                                 │ │
│ │ type: non-null FixedSizeBinary(16)  ┆ type: Timestamp(ns)           ┆ type: Timestamp(ns)           ┆ type: List(Utf8)                 ┆ type: List(UInt32)          ┆ type: List(FixedSizeList(2 x        │ │
│ │ ARROW:extension:metadata:           ┆ index_name: message_time      ┆ index_name: publish_time      ┆ archetype: CoordinateFrame       ┆ archetype: GeoPoints        ┆ non-null Float64))                  │ │
│ │ {"namespace":"row"}                 ┆ is_sorted: true               ┆ is_sorted: true               ┆ component: CoordinateFrame:frame ┆ component: GeoPoints:colors ┆ archetype: GeoPoints                │ │
│ │ ARROW:extension:name: TUID          ┆ kind: index                   ┆ kind: index                   ┆ component_type: TransformFrameId ┆ component_type: Color       ┆ component: GeoPoints:positions      │ │
│ │ is_sorted: true                     ┆                               ┆                               ┆ kind: data                       ┆ kind: data                  ┆ component_type: LatLon              │ │
│ │ kind: control                       ┆                               ┆                               ┆                                  ┆                             ┆ kind: data                          │ │
│ ╞═════════════════════════════════════╪═══════════════════════════════╪═══════════════════════════════╪══════════════════════════════════╪═════════════════════════════╪═════════════════════════════════════╡ │
│ │ row_[**REDACTED**]                  ┆ 2026-02-16T14:15:00.174330112 ┆ 2026-02-16T14:15:00.174330112 ┆ [gps]                            ┆ [4278190335]                ┆ [[59.3192, 18.0738]]                │ │
│ ├╌╌╌╌╌╌╌╌╌╌╌╌╌╌╌╌╌╌╌╌╌╌╌╌╌╌╌╌╌╌╌╌╌╌╌╌╌┼╌╌╌╌╌╌╌╌╌╌╌╌╌╌╌╌╌╌╌╌╌╌╌╌╌╌╌╌╌╌╌┼╌╌╌╌╌╌╌╌╌╌╌╌╌╌╌╌╌╌╌╌╌╌╌╌╌╌╌╌╌╌╌┼╌╌╌╌╌╌╌╌╌╌╌╌╌╌╌╌╌╌╌╌╌╌╌╌╌╌╌╌╌╌╌╌╌╌┼╌╌╌╌╌╌╌╌╌╌╌╌╌╌╌╌╌╌╌╌╌╌╌╌╌╌╌╌╌┼╌╌╌╌╌╌╌╌╌╌╌╌╌╌╌╌╌╌╌╌╌╌╌╌╌╌╌╌╌╌╌╌╌╌╌╌╌┤ │
│ │ row_[**REDACTED**]                  ┆ 2026-02-16T14:15:00.174330112 ┆ 2026-02-16T14:15:00.174330112 ┆ [gps]                            ┆ [16711935]                  ┆ [[59.3191, 18.0746]]                │ │
│ ├╌╌╌╌╌╌╌╌╌╌╌╌╌╌╌╌╌╌╌╌╌╌╌╌╌╌╌╌╌╌╌╌╌╌╌╌╌┼╌╌╌╌╌╌╌╌╌╌╌╌╌╌╌╌╌╌╌╌╌╌╌╌╌╌╌╌╌╌╌┼╌╌╌╌╌╌╌╌╌╌╌╌╌╌╌╌╌╌╌╌╌╌╌╌╌╌╌╌╌╌╌┼╌╌╌╌╌╌╌╌╌╌╌╌╌╌╌╌╌╌╌╌╌╌╌╌╌╌╌╌╌╌╌╌╌╌┼╌╌╌╌╌╌╌╌╌╌╌╌╌╌╌╌╌╌╌╌╌╌╌╌╌╌╌╌╌┼╌╌╌╌╌╌╌╌╌╌╌╌╌╌╌╌╌╌╌╌╌╌╌╌╌╌╌╌╌╌╌╌╌╌╌╌╌┤ │
│ │ row_[**REDACTED**]                  ┆ 2026-02-16T14:15:00.174330112 ┆ 2026-02-16T14:15:00.174330112 ┆ [gps]                            ┆ [65535]                     ┆ [[59.3191, 18.0754]]                │ │
│ ├╌╌╌╌╌╌╌╌╌╌╌╌╌╌╌╌╌╌╌╌╌╌╌╌╌╌╌╌╌╌╌╌╌╌╌╌╌┼╌╌╌╌╌╌╌╌╌╌╌╌╌╌╌╌╌╌╌╌╌╌╌╌╌╌╌╌╌╌╌┼╌╌╌╌╌╌╌╌╌╌╌╌╌╌╌╌╌╌╌╌╌╌╌╌╌╌╌╌╌╌╌┼╌╌╌╌╌╌╌╌╌╌╌╌╌╌╌╌╌╌╌╌╌╌╌╌╌╌╌╌╌╌╌╌╌╌┼╌╌╌╌╌╌╌╌╌╌╌╌╌╌╌╌╌╌╌╌╌╌╌╌╌╌╌╌╌┼╌╌╌╌╌╌╌╌╌╌╌╌╌╌╌╌╌╌╌╌╌╌╌╌╌╌╌╌╌╌╌╌╌╌╌╌╌┤ │
│ │ row_[**REDACTED**]                  ┆ 2026-02-16T14:15:00.174330112 ┆ 2026-02-16T14:15:00.174330112 ┆ [gps]                            ┆ [4294967295]                ┆ [[59.319, 18.0762]]                 │ │
│ ├╌╌╌╌╌╌╌╌╌╌╌╌╌╌╌╌╌╌╌╌╌╌╌╌╌╌╌╌╌╌╌╌╌╌╌╌╌┼╌╌╌╌╌╌╌╌╌╌╌╌╌╌╌╌╌╌╌╌╌╌╌╌╌╌╌╌╌╌╌┼╌╌╌╌╌╌╌╌╌╌╌╌╌╌╌╌╌╌╌╌╌╌╌╌╌╌╌╌╌╌╌┼╌╌╌╌╌╌╌╌╌╌╌╌╌╌╌╌╌╌╌╌╌╌╌╌╌╌╌╌╌╌╌╌╌╌┼╌╌╌╌╌╌╌╌╌╌╌╌╌╌╌╌╌╌╌╌╌╌╌╌╌╌╌╌╌┼╌╌╌╌╌╌╌╌╌╌╌╌╌╌╌╌╌╌╌╌╌╌╌╌╌╌╌╌╌╌╌╌╌╌╌╌╌┤ │
│ │ row_[**REDACTED**]                  ┆ 2026-02-16T14:15:00.174330112 ┆ 2026-02-16T14:15:00.174330112 ┆ [gps]                            ┆ [255]                       ┆ [[59.3189, 18.077]]                 │ │
│ └─────────────────────────────────────┴───────────────────────────────┴───────────────────────────────┴──────────────────────────────────┴─────────────────────────────┴─────────────────────────────────────┘ │
└────────────────────────────────────────────────────────────────────────────────────────────────────────────────────────────────────────────────────────────────────────────────────────────────────────────────┘
